// Jest Snapshot v1, https://goo.gl/fbAQLP

exports[`Bio component renders with defaults 1`] = `
"<section class=\\"b-bio\\" role=\\"complementary\\" itemscope=\\"\\" itemtype=\\"http://schema.org/Person\\">
  <div class=\\"b-bio__image\\"><img src=\\"/assets/img/me3@1x.jpg\\" srcset=\\"/assets/img/me3@1x.jpg 1x, /assets/img/me3@2x.jpg 2x\\" alt=\\"David Bushell\\"></div>
  <div class=\\"b-bio__main\\">
    <h3 itemprop=\\"name\\"><a href=\\"/about/\\">David Bushell</a></h3>
    <p itemprop=\\"description\\">Based in the UK, near Manchester, I freelance for small businesses, start-ups, individuals, and fellow web agencies &#x2014; all over the world.</p>
  </div>
</section>"
`;
